To honour the JVM settings for this build a single-use Daemon process will be forked. For more on this, please refer to https://docs.gradle.org/9.2.0/userguide/gradle_daemon.html#sec:disabling_the_daemon in the Gradle documentation.
Daemon will be stopped at the end of the build 
Reusing configuration cache.
> Task :module:GoldenBoughsLib:checkKotlinGradlePluginConfigurationErrors SKIPPED
> Task :module:GoldenBoughsLib:createMinecraftArtifacts UP-TO-DATE
> Task :module:GoldenBoughsLib:kspKotlin UP-TO-DATE

> Task :module:GoldenBoughsLib:compileKotlin
e: file:///D:/xm/mod/ArchitectureDepartment/ImaginaryCraft/module/GoldenBoughsLib/src/main/kotlin/architecture/goldenboughs_lib/init/LibAttributes.kt:19:46 Unresolved reference 'modRegister'.

> Task :module:GoldenBoughsLib:compileKotlin FAILED


[Incubating] Problems report is available at: file:///D:/xm/mod/ArchitectureDepartment/ImaginaryCraft/build/reports/problems/problems-report.html
FAILURE: Build failed with an exception.

* What went wrong:
Execution failed for task ':module:GoldenBoughsLib:compileKotlin'.
> A failure occurred while executing org.jetbrains.kotlin.compilerRunner.btapi.BuildToolsApiCompilationWork
   > Compilation error. See log for more details

* Try:
> Run with --stacktrace option to get the stack trace.
> Run with --info or --debug option to get more log output.
> Run with --scan to generate a Build Scan (powered by Develocity).
3 actionable tasks: 1 executed, 2 up-to-date
Configuration cache entry reused.
> Get more help at https://help.gradle.org.

BUILD FAILED in 25s
